ls: cannot access 'nerror': No such file or directory
